$ node scripts/validate-accessibility.mjs
{
  "schema": "website-migration.p11-accessibility/v1",
  "profile": "root",
  "base": "/",
  "viewport": {
    "width": 390,
    "height": 844
  },
  "routes": [
    {
      "route": "/",
      "h1": 1,
      "headingLevels": [
        1
      ],
      "badSkips": [],
      "nameless": [],
      "missingImageAlt": 0,
      "touch": [],
      "mainTabIndex": "-1",
      "styled": true
    },
    {
      "route": "/onderwijs",
      "h1": 1,
      "headingLevels": [
        1,
        2,
        3,
        3,
        3,
        3,
        3,
        3,
        3,
        3,
        3,
        3,
        3,
        3,
        3,
        3,
        3,
        3,
        3,
        3,
        3,
        3,
        3,
        3,
        3,
        3,
        3,
        3,
        3,
        3,
        3,
        3,
        3,
        3,
        3,
        3,
        3,
        3,
        3,
        3,
        3,
        3,
        3,
        3,
        3,
        3,
        3,
        3,
        3,
        3,
        3,
        3,
        3,
        3,
        3,
        3,
        3,
        3,
        3,
        3,
        3,
        3,
        3,
        3,
        3,
        3,
        3,
        3,
        3,
        3,
        3,
        3,
        3,
        3,
        3,
        3,
        3,
        3,
        3,
        3
      ],
      "badSkips": [],
      "nameless": [],
      "missingImageAlt": 0,
      "touch": [],
      "mainTabIndex": "-1",
      "styled": true
    },
    {
      "route": "/education",
      "h1": 1,
      "headingLevels": [
        1,
        2,
        3,
        3,
        3,
        3,
        3,
        3,
        3,
        3,
        3,
        3,
        3,
        3,
        3,
        3,
        3,
        3,
        3,
        3,
        3,
        3,
        3,
        3,
        3,
        3,
        3,
        3,
        3,
        3,
        3,
        3,
        3,
        3,
        3,
        3,
        3,
        3,
        3,
        3,
        3,
        3,
        3,
        3,
        3,
        3,
        3,
        3
      ],
      "badSkips": [],
      "nameless": [],
      "missingImageAlt": 0,
      "touch": [],
      "mainTabIndex": "-1",
      "styled": true
    },
    {
      "route": "/onderwijs/latijnse-wordle",
      "h1": 1,
      "headingLevels": [
        1,
        2,
        2,
        2,
        2,
        2,
        3
      ],
      "badSkips": [],
      "nameless": [],
      "missingImageAlt": 0,
      "touch": [],
      "mainTabIndex": "-1",
      "styled": true
    },
    {
      "route": "/onderwijs/avontuuropdeakropolis",
      "h1": 1,
      "headingLevels": [
        1,
        2,
        3,
        3,
        3,
        3,
        3,
        3,
        3,
        3,
        3,
        3
      ],
      "badSkips": [],
      "nameless": [],
      "missingImageAlt": 0,
      "touch": [],
      "mainTabIndex": "-1",
      "styled": true
    },
    {
      "route": "/onderwijs/workshops-en-nascholingen",
      "h1": 1,
      "headingLevels": [
        1,
        2,
        2,
        3,
        3,
        3,
        3,
        3,
        3,
        3,
        2,
        3,
        3,
        3,
        3,
        3,
        3,
        3,
        2,
        3,
        3,
        3,
        3,
        3,
        3,
        3,
        2,
        3,
        3,
        3,
        3,
        3,
        3,
        3,
        2,
        3,
        3,
        3,
        3,
        3,
        3,
        3,
        2,
        3,
        3,
        3,
        3,
        3,
        3,
        3,
        2,
        2,
        3,
        3,
        3,
        3,
        3,
        3,
        2,
        3,
        3,
        3,
        3,
        3,
        3,
        2,
        3,
        3,
        3,
        2,
        2,
        3,
        3,
        3,
        3,
        3,
        2,
        3,
        3,
        3,
        3,
        3,
        3,
        2,
        3,
        3,
        3,
        3,
        3,
        3,
        3,
        2,
        3,
        3,
        3,
        3,
        3,
        3
      ],
      "badSkips": [],
      "nameless": [],
      "missingImageAlt": 0,
      "touch": [],
      "mainTabIndex": "-1",
      "styled": true
    },
    {
      "route": "/boek",
      "h1": 1,
      "headingLevels": [
        1,
        2,
        2,
        3
      ],
      "badSkips": [],
      "nameless": [],
      "missingImageAlt": 0,
      "touch": [],
      "mainTabIndex": "-1",
      "styled": true
    },
    {
      "route": "/contactinfo",
      "h1": 1,
      "headingLevels": [
        1,
        2,
        2
      ],
      "badSkips": [],
      "nameless": [],
      "missingImageAlt": 0,
      "touch": [],
      "mainTabIndex": "-1",
      "styled": true
    },
    {
      "route": "/projects",
      "h1": 1,
      "headingLevels": [
        1,
        2,
        3,
        3,
        3,
        3,
        3,
        3,
        3,
        3,
        3
      ],
      "badSkips": [],
      "nameless": [],
      "missingImageAlt": 0,
      "touch": [],
      "mainTabIndex": "-1",
      "styled": true
    }
  ],
  "interaction": {
    "skipTarget": "main-content",
    "menuEnter": "true",
    "menuClosed": "false",
    "escapeFocus": true,
    "menuSpace": "true",
    "focusStyle": {
      "outlineWidth": "3px",
      "outlineStyle": "solid"
    },
    "reducedMotion": {
      "animation": "1e-05s",
      "transition": "1e-05s",
      "scroll": "auto"
    },
    "desktop": {
      "menuButtonDisplay": "none",
      "navDisplay": "flex",
      "skipFocusable": true,
      "touch": []
    }
  },
  "errors": [],
  "status": "passed"
}
