$ node scripts/validate-accessibility.mjs --project
{
  "schema": "website-migration.p11-accessibility/v1",
  "profile": "project",
  "base": "/aiindeklas",
  "viewport": {
    "width": 390,
    "height": 844
  },
  "routes": [
    {
      "route": "/aiindeklas/",
      "h1": 1,
      "headingLevels": [
        1
      ],
      "badSkips": [],
      "nameless": [],
      "missingImageAlt": 0,
      "touch": [],
      "mainTabIndex": "-1",
      "styled": true
    },
    {
      "route": "/aiindeklas/onderwijs",
      "h1": 1,
      "headingLevels": [
        1,
        2,
        3,
        3,
        3,
        3,
        3,
        3,
        3,
        3,
        3,
        3,
        3,
        3,
        3,
        3,
        3,
        3,
        3,
        3,
        3,
        3,
        3,
        3,
        3,
        3,
        3,
        3,
        3,
        3,
        3,
        3,
        3,
        3,
        3,
        3,
        3,
        3,
        3,
        3,
        3,
        3,
        3,
        3,
        3,
        3,
        3,
        3,
        3,
        3,
        3,
        3,
        3,
        3,
        3,
        3,
        3,
        3,
        3,
        3,
        3,
        3,
        3,
        3,
        3,
        3,
        3,
        3,
        3,
        3,
        3,
        3,
        3,
        3,
        3,
        3,
        3,
        3,
        3,
        3
      ],
      "badSkips": [],
      "nameless": [],
      "missingImageAlt": 0,
      "touch": [],
      "mainTabIndex": "-1",
      "styled": true
    },
    {
      "route": "/aiindeklas/education",
      "h1": 1,
      "headingLevels": [
        1,
        2,
        3,
        3,
        3,
        3,
        3,
        3,
        3,
        3,
        3,
        3,
        3,
        3,
        3,
        3,
        3,
        3,
        3,
        3,
        3,
        3,
        3,
        3,
        3,
        3,
        3,
        3,
        3,
        3,
        3,
        3,
        3,
        3,
        3,
        3,
        3,
        3,
        3,
        3,
        3,
        3,
        3,
        3,
        3,
        3,
        3,
        3
      ],
      "badSkips": [],
      "nameless": [],
      "missingImageAlt": 0,
      "touch": [],
      "mainTabIndex": "-1",
      "styled": true
    },
    {
      "route": "/aiindeklas/onderwijs/latijnse-wordle",
      "h1": 1,
      "headingLevels": [
        1,
        2,
        2,
        2,
        2,
        2,
        3
      ],
      "badSkips": [],
      "nameless": [],
      "missingImageAlt": 0,
      "touch": [],
      "mainTabIndex": "-1",
      "styled": true
    },
    {
      "route": "/aiindeklas/onderwijs/avontuuropdeakropolis",
      "h1": 1,
      "headingLevels": [
        1,
        2,
        3,
        3,
        3,
        3,
        3,
        3,
        3,
        3,
        3,
        3
      ],
      "badSkips": [],
      "nameless": [],
      "missingImageAlt": 0,
      "touch": [],
      "mainTabIndex": "-1",
      "styled": true
    },
    {
      "route": "/aiindeklas/onderwijs/workshops-en-nascholingen",
      "h1": 1,
      "headingLevels": [
        1,
        2,
        2,
        3,
        3,
        3,
        3,
        3,
        3,
        3,
        2,
        3,
        3,
        3,
        3,
        3,
        3,
        3,
        2,
        3,
        3,
        3,
        3,
        3,
        3,
        3,
        2,
        3,
        3,
        3,
        3,
        3,
        3,
        3,
        2,
        3,
        3,
        3,
        3,
        3,
        3,
        3,
        2,
        3,
        3,
        3,
        3,
        3,
        3,
        3,
        2,
        2,
        3,
        3,
        3,
        3,
        3,
        3,
        2,
        3,
        3,
        3,
        3,
        3,
        3,
        2,
        3,
        3,
        3,
        2,
        2,
        3,
        3,
        3,
        3,
        3,
        2,
        3,
        3,
        3,
        3,
        3,
        3,
        2,
        3,
        3,
        3,
        3,
        3,
        3,
        3,
        2,
        3,
        3,
        3,
        3,
        3,
        3
      ],
      "badSkips": [],
      "nameless": [],
      "missingImageAlt": 0,
      "touch": [],
      "mainTabIndex": "-1",
      "styled": true
    },
    {
      "route": "/aiindeklas/boek",
      "h1": 1,
      "headingLevels": [
        1,
        2,
        2,
        3
      ],
      "badSkips": [],
      "nameless": [],
      "missingImageAlt": 0,
      "touch": [],
      "mainTabIndex": "-1",
      "styled": true
    },
    {
      "route": "/aiindeklas/contactinfo",
      "h1": 1,
      "headingLevels": [
        1,
        2,
        2
      ],
      "badSkips": [],
      "nameless": [],
      "missingImageAlt": 0,
      "touch": [],
      "mainTabIndex": "-1",
      "styled": true
    },
    {
      "route": "/aiindeklas/projects",
      "h1": 1,
      "headingLevels": [
        1,
        2,
        3,
        3,
        3,
        3,
        3,
        3,
        3,
        3,
        3
      ],
      "badSkips": [],
      "nameless": [],
      "missingImageAlt": 0,
      "touch": [],
      "mainTabIndex": "-1",
      "styled": true
    }
  ],
  "interaction": {
    "skipTarget": "main-content",
    "menuEnter": "true",
    "menuClosed": "false",
    "escapeFocus": true,
    "menuSpace": "true",
    "focusStyle": {
      "outlineWidth": "3px",
      "outlineStyle": "solid"
    },
    "reducedMotion": {
      "animation": "1e-05s",
      "transition": "1e-05s",
      "scroll": "auto"
    },
    "desktop": {
      "menuButtonDisplay": "none",
      "navDisplay": "flex",
      "skipFocusable": true,
      "touch": []
    }
  },
  "errors": [],
  "status": "passed"
}
